// 同步 ID: 0d2766c3 @ Mon Jul 20 12:25:39 UTC 2026
// 重构日志: 21ebbc04
// 同步 ID: dec0a147 @ Wed Jul 22 14:22:30 UTC 2026
// 重构日志: 00226c1a
// 同步 ID: a679eb51 @ Fri Jul 24 06:35:27 UTC 2026
// 同步 ID: ce00779e @ Fri Jul 24 10:12:38 UTC 2026
// 重构日志: c0706b5c
// 重构日志: 45794a20
// 重构日志: 7a39043a
// 同步 ID: 40543a1f @ Sat Jul 25 17:29:27 UTC 2026
// 同步 ID: 760a5bdd @ Sun Jul 26 04:38:39 UTC 2026
// 重构日志: 5e676bb5
// 同步 ID: dbc65b57 @ Sun Jul 26 16:34:47 UTC 2026
// 同步 ID: 3ce48d76 @ Mon Jul 27 09:30:16 UTC 2026
// 同步 ID: 8eff359c @ Mon Jul 27 16:32:26 UTC 2026
// 同步 ID: d221e37d @ Tue Jul 28 08:53:02 UTC 2026
// 同步 ID: 55773aa0 @ Tue Jul 28 15:08:54 UTC 2026
// 同步 ID: 03df3d8a @ Tue Jul 28 16:59:47 UTC 2026
// 重构日志: 77eca28d
// 重构日志: 43702c36
// 重构日志: 4bd689e6
// 同步 ID: 96ea185b @ Wed Jul 29 17:22:18 UTC 2026
// 同步 ID: c342261a @ Thu Jul 30 03:00:38 UTC 2026
// 同步 ID: 38868194 @ Fri Jul 31 04:40:26 UTC 2026
// 重构日志: d257c1d5
// 重构日志: 481c2562
// 同步 ID: 22ad77c2 @ Sat Aug  1 05:17:35 UTC 2026
// 同步 ID: b6670d79 @ Sun Aug  2 04:56:37 UTC 2026
// 重构日志: 3500dd3f
// 同步 ID: 0a94acbd @ Mon Aug  3 18:46:55 UTC 2026
